12:48:47 INFO Loaded 657480 rows from 60 locations
12:48:48 INFO Koppen coverage: {'BWh': 13, 'Aw': 6, 'Cfb': 5, 'Dfc': 5, 'ET': 5, 'Af': 4, 'Cfc': 3, 'BSh': 3, 'BSk': 3, 'Dwc': 3, 'Cfa': 2, 'Am': 2, 'Dfb': 2, 'Dsb': 1, 'Dsa': 1, 'BWk': 1, 'Dfa': 1}
12:48:48 INFO 12 of 12 calendar months used the distribution-free transform (record too short for a stable parametric fit)
12:48:48 INFO 12 of 12 calendar months used the distribution-free transform (record too short for a stable parametric fit)
12:48:48 INFO 12 of 12 calendar months used the distribution-free transform (record too short for a stable parametric fit)
12:48:48 INFO 12 of 12 calendar months used the distribution-free transform (record too short for a stable parametric fit)
12:48:48 INFO 12 of 12 calendar months used the distribution-free transform (record too short for a stable parametric fit)
12:48:49 INFO 12 of 12 calendar months used the distribution-free transform (record too short for a stable parametric fit)
12:48:49 INFO 12 of 12 calendar months used the distribution-free transform (record too short for a stable parametric fit)
12:48:49 INFO 12 of 12 calendar months used the distribution-free transform (record too short for a stable parametric fit)
12:48:49 INFO 12 of 12 calendar months used the distribution-free transform (record too short for a stable parametric fit)
12:48:49 INFO 12 of 12 calendar months used the distribution-free transform (record too short for a stable parametric fit)
12:48:49 INFO 12 of 12 calendar months used the distribution-free transform (record too short for a stable parametric fit)
12:48:49 INFO 12 of 12 calendar months used the distribution-free transform (record too short for a stable parametric fit)
12:48:49 INFO 12 of 12 calendar months used the distribution-free transform (record too short for a stable parametric fit)
12:48:50 INFO 12 of 12 calendar months used the distribution-free transform (record too short for a stable parametric fit)
12:48:50 INFO 12 of 12 calendar months used the distribution-free transform (record too short for a stable parametric fit)
12:48:50 INFO 12 of 12 calendar months used the distribution-free transform (record too short for a stable parametric fit)
12:48:50 INFO 12 of 12 calendar months used the distribution-free transform (record too short for a stable parametric fit)
12:48:50 INFO 12 of 12 calendar months used the distribution-free transform (record too short for a stable parametric fit)
12:48:50 INFO 12 of 12 calendar months used the distribution-free transform (record too short for a stable parametric fit)
12:48:50 INFO 12 of 12 calendar months used the distribution-free transform (record too short for a stable parametric fit)
12:48:51 INFO 12 of 12 calendar months used the distribution-free transform (record too short for a stable parametric fit)
12:48:51 INFO 12 of 12 calendar months used the distribution-free transform (record too short for a stable parametric fit)
12:48:51 INFO 12 of 12 calendar months used the distribution-free transform (record too short for a stable parametric fit)
12:48:51 INFO 12 of 12 calendar months used the distribution-free transform (record too short for a stable parametric fit)
12:48:51 INFO 12 of 12 calendar months used the distribution-free transform (record too short for a stable parametric fit)
12:48:51 INFO 12 of 12 calendar months used the distribution-free transform (record too short for a stable parametric fit)
12:48:51 INFO 12 of 12 calendar months used the distribution-free transform (record too short for a stable parametric fit)
12:48:52 INFO 12 of 12 calendar months used the distribution-free transform (record too short for a stable parametric fit)
12:48:52 INFO 12 of 12 calendar months used the distribution-free transform (record too short for a stable parametric fit)
12:48:52 WARNING L0029: only 7 wet days in the fitting period - flood label undefined
12:48:52 INFO 12 of 12 calendar months used the distribution-free transform (record too short for a stable parametric fit)
12:48:52 INFO 12 of 12 calendar months used the distribution-free transform (record too short for a stable parametric fit)
12:48:52 INFO 12 of 12 calendar months used the distribution-free transform (record too short for a stable parametric fit)
12:48:52 INFO 12 of 12 calendar months used the distribution-free transform (record too short for a stable parametric fit)
12:48:52 INFO 12 of 12 calendar months used the distribution-free transform (record too short for a stable parametric fit)
12:48:52 INFO 12 of 12 calendar months used the distribution-free transform (record too short for a stable parametric fit)
12:48:53 INFO 12 of 12 calendar months used the distribution-free transform (record too short for a stable parametric fit)
12:48:53 INFO 12 of 12 calendar months used the distribution-free transform (record too short for a stable parametric fit)
12:48:53 INFO 12 of 12 calendar months used the distribution-free transform (record too short for a stable parametric fit)
12:48:53 INFO 12 of 12 calendar months used the distribution-free transform (record too short for a stable parametric fit)
12:48:53 INFO 12 of 12 calendar months used the distribution-free transform (record too short for a stable parametric fit)
12:48:53 INFO 12 of 12 calendar months used the distribution-free transform (record too short for a stable parametric fit)
12:48:54 INFO 12 of 12 calendar months used the distribution-free transform (record too short for a stable parametric fit)
12:48:54 INFO 12 of 12 calendar months used the distribution-free transform (record too short for a stable parametric fit)
12:48:54 INFO 12 of 12 calendar months used the distribution-free transform (record too short for a stable parametric fit)
12:48:54 INFO 12 of 12 calendar months used the distribution-free transform (record too short for a stable parametric fit)
12:48:54 INFO 12 of 12 calendar months used the distribution-free transform (record too short for a stable parametric fit)
12:48:54 INFO 12 of 12 calendar months used the distribution-free transform (record too short for a stable parametric fit)
12:48:54 INFO 12 of 12 calendar months used the distribution-free transform (record too short for a stable parametric fit)
12:48:54 INFO 12 of 12 calendar months used the distribution-free transform (record too short for a stable parametric fit)
12:48:55 INFO 12 of 12 calendar months used the distribution-free transform (record too short for a stable parametric fit)
12:48:55 INFO 12 of 12 calendar months used the distribution-free transform (record too short for a stable parametric fit)
12:48:55 INFO 12 of 12 calendar months used the distribution-free transform (record too short for a stable parametric fit)
12:48:55 INFO 12 of 12 calendar months used the distribution-free transform (record too short for a stable parametric fit)
12:48:55 INFO 12 of 12 calendar months used the distribution-free transform (record too short for a stable parametric fit)
12:48:55 INFO 12 of 12 calendar months used the distribution-free transform (record too short for a stable parametric fit)
12:48:55 INFO 12 of 12 calendar months used the distribution-free transform (record too short for a stable parametric fit)
12:48:56 INFO 12 of 12 calendar months used the distribution-free transform (record too short for a stable parametric fit)
12:48:56 INFO 12 of 12 calendar months used the distribution-free transform (record too short for a stable parametric fit)
12:48:56 INFO 12 of 12 calendar months used the distribution-free transform (record too short for a stable parametric fit)
12:48:56 INFO 12 of 12 calendar months used the distribution-free transform (record too short for a stable parametric fit)
12:48:56 INFO Assembled 657480 rows across 60 locations (28 features)
12:48:56 INFO ======================================================================
12:48:56 INFO TARGET: flood
12:48:57 INFO y_flood: dropped 18694 rows with incomplete features
12:48:57 INFO flood | train=459037 (2.61% pos)  val=84394 (3.58% pos)  test=84220 (3.81% pos)
12:48:57 INFO   persistence            val PR-AUC=0.0312  ROC-AUC=0.3073  recall=1.000
12:48:57 INFO   base_rate              val PR-AUC=0.0358  ROC-AUC=0.5000  recall=1.000
12:49:05 INFO   logistic_regression    val PR-AUC=0.1271  ROC-AUC=0.8542  recall=0.501
12:51:10 INFO   random_forest          val PR-AUC=0.2235  ROC-AUC=0.8853  recall=0.504
12:51:31 INFO   gradient_boosting      val PR-AUC=0.2033  ROC-AUC=0.8655  recall=0.502
12:51:31 INFO flood: selected random_forest (val PR-AUC 0.2235)
12:54:08 INFO flood: TEST PR-AUC=0.2446  recall=0.602  precision=0.213
12:54:09 INFO y_flood: dropped 18694 rows with incomplete features
12:54:27 INFO   spatial fold 1: PR-AUC=0.1309 on 10 held-out locations
12:54:46 INFO   spatial fold 2: PR-AUC=0.1819 on 10 held-out locations
12:55:04 INFO   spatial fold 3: PR-AUC=0.1464 on 10 held-out locations
12:55:21 INFO   spatial fold 4: PR-AUC=0.0960 on 10 held-out locations
12:55:40 INFO   spatial fold 5: PR-AUC=0.1437 on 9 held-out locations
12:55:58 INFO   spatial fold 6: PR-AUC=0.1277 on 9 held-out locations
12:55:59 INFO Saved C:\Users\ramzy\OneDrive\Desktop\Folders\Final Year Project\Climate impact visualizer\ml\models\flood_model.joblib
12:55:59 INFO ======================================================================
12:55:59 INFO TARGET: drought
12:55:59 INFO y_drought: dropped 20663 rows with incomplete features
12:55:59 INFO drought | train=464300 (13.81% pos)  val=85367 (23.51% pos)  test=83610 (21.27% pos)
12:55:59 INFO   persistence            val PR-AUC=0.6778  ROC-AUC=0.8799  recall=0.727
12:56:00 INFO   base_rate              val PR-AUC=0.2351  ROC-AUC=0.5000  recall=0.000
12:56:07 INFO   logistic_regression    val PR-AUC=0.5572  ROC-AUC=0.8127  recall=0.701
12:58:21 INFO   random_forest          val PR-AUC=0.6028  ROC-AUC=0.8375  recall=0.701
12:58:51 INFO   gradient_boosting      val PR-AUC=0.5851  ROC-AUC=0.8312  recall=0.701
12:58:51 INFO drought: selected random_forest (val PR-AUC 0.6028)
13:01:40 INFO drought: TEST PR-AUC=0.6374  recall=0.768  precision=0.494
13:01:41 INFO y_drought: dropped 20663 rows with incomplete features
13:02:04 INFO   spatial fold 1: PR-AUC=0.4502 on 10 held-out locations
13:02:23 INFO   spatial fold 2: PR-AUC=0.4343 on 10 held-out locations
13:02:42 INFO   spatial fold 3: PR-AUC=0.4651 on 10 held-out locations
13:03:02 INFO   spatial fold 4: PR-AUC=0.4782 on 10 held-out locations
13:03:21 INFO   spatial fold 5: PR-AUC=0.4358 on 10 held-out locations
13:03:39 INFO   spatial fold 6: PR-AUC=0.4733 on 9 held-out locations
13:03:42 INFO Saved C:\Users\ramzy\OneDrive\Desktop\Folders\Final Year Project\Climate impact visualizer\ml\models\drought_model.joblib
13:03:42 INFO Wrote C:\Users\ramzy\OneDrive\Desktop\Folders\Final Year Project\Climate impact visualizer\ml\reports\training_report.json
