13:30:25 INFO Loaded 657480 rows from 60 locations
13:30:26 INFO Koppen coverage: {'BWh': 13, 'Aw': 6, 'Cfb': 5, 'Dfc': 5, 'ET': 5, 'Af': 4, 'Cfc': 3, 'BSh': 3, 'BSk': 3, 'Dwc': 3, 'Cfa': 2, 'Am': 2, 'Dfb': 2, 'Dsb': 1, 'Dsa': 1, 'BWk': 1, 'Dfa': 1}
13:30:26 INFO 12 of 12 calendar months used the distribution-free transform (record too short for a stable parametric fit)
13:30:27 INFO 12 of 12 calendar months used the distribution-free transform (record too short for a stable parametric fit)
13:30:27 INFO 12 of 12 calendar months used the distribution-free transform (record too short for a stable parametric fit)
13:30:27 INFO 12 of 12 calendar months used the distribution-free transform (record too short for a stable parametric fit)
13:30:27 INFO 12 of 12 calendar months used the distribution-free transform (record too short for a stable parametric fit)
13:30:27 INFO 12 of 12 calendar months used the distribution-free transform (record too short for a stable parametric fit)
13:30:27 INFO 12 of 12 calendar months used the distribution-free transform (record too short for a stable parametric fit)
13:30:27 INFO 12 of 12 calendar months used the distribution-free transform (record too short for a stable parametric fit)
13:30:28 INFO 12 of 12 calendar months used the distribution-free transform (record too short for a stable parametric fit)
13:30:28 INFO 12 of 12 calendar months used the distribution-free transform (record too short for a stable parametric fit)
13:30:28 INFO 12 of 12 calendar months used the distribution-free transform (record too short for a stable parametric fit)
13:30:28 INFO 12 of 12 calendar months used the distribution-free transform (record too short for a stable parametric fit)
13:30:28 INFO 12 of 12 calendar months used the distribution-free transform (record too short for a stable parametric fit)
13:30:28 INFO 12 of 12 calendar months used the distribution-free transform (record too short for a stable parametric fit)
13:30:28 INFO 12 of 12 calendar months used the distribution-free transform (record too short for a stable parametric fit)
13:30:29 INFO 12 of 12 calendar months used the distribution-free transform (record too short for a stable parametric fit)
13:30:29 INFO 12 of 12 calendar months used the distribution-free transform (record too short for a stable parametric fit)
13:30:29 INFO 12 of 12 calendar months used the distribution-free transform (record too short for a stable parametric fit)
13:30:29 INFO 12 of 12 calendar months used the distribution-free transform (record too short for a stable parametric fit)
13:30:29 INFO 12 of 12 calendar months used the distribution-free transform (record too short for a stable parametric fit)
13:30:29 INFO 12 of 12 calendar months used the distribution-free transform (record too short for a stable parametric fit)
13:30:29 INFO 12 of 12 calendar months used the distribution-free transform (record too short for a stable parametric fit)
13:30:30 INFO 12 of 12 calendar months used the distribution-free transform (record too short for a stable parametric fit)
13:30:30 INFO 12 of 12 calendar months used the distribution-free transform (record too short for a stable parametric fit)
13:30:30 INFO 12 of 12 calendar months used the distribution-free transform (record too short for a stable parametric fit)
13:30:30 INFO 12 of 12 calendar months used the distribution-free transform (record too short for a stable parametric fit)
13:30:30 INFO 12 of 12 calendar months used the distribution-free transform (record too short for a stable parametric fit)
13:30:30 INFO 12 of 12 calendar months used the distribution-free transform (record too short for a stable parametric fit)
13:30:30 INFO 12 of 12 calendar months used the distribution-free transform (record too short for a stable parametric fit)
13:30:30 WARNING L0029: only 7 wet days in the fitting period - flood label undefined
13:30:31 INFO 12 of 12 calendar months used the distribution-free transform (record too short for a stable parametric fit)
13:30:31 INFO 12 of 12 calendar months used the distribution-free transform (record too short for a stable parametric fit)
13:30:31 INFO 12 of 12 calendar months used the distribution-free transform (record too short for a stable parametric fit)
13:30:31 INFO 12 of 12 calendar months used the distribution-free transform (record too short for a stable parametric fit)
13:30:31 INFO 12 of 12 calendar months used the distribution-free transform (record too short for a stable parametric fit)
13:30:31 INFO 12 of 12 calendar months used the distribution-free transform (record too short for a stable parametric fit)
13:30:31 INFO 12 of 12 calendar months used the distribution-free transform (record too short for a stable parametric fit)
13:30:31 INFO 12 of 12 calendar months used the distribution-free transform (record too short for a stable parametric fit)
13:30:32 INFO 12 of 12 calendar months used the distribution-free transform (record too short for a stable parametric fit)
13:30:32 INFO 12 of 12 calendar months used the distribution-free transform (record too short for a stable parametric fit)
13:30:32 INFO 12 of 12 calendar months used the distribution-free transform (record too short for a stable parametric fit)
13:30:32 INFO 12 of 12 calendar months used the distribution-free transform (record too short for a stable parametric fit)
13:30:32 INFO 12 of 12 calendar months used the distribution-free transform (record too short for a stable parametric fit)
13:30:32 INFO 12 of 12 calendar months used the distribution-free transform (record too short for a stable parametric fit)
13:30:32 INFO 12 of 12 calendar months used the distribution-free transform (record too short for a stable parametric fit)
13:30:33 INFO 12 of 12 calendar months used the distribution-free transform (record too short for a stable parametric fit)
13:30:33 INFO 12 of 12 calendar months used the distribution-free transform (record too short for a stable parametric fit)
13:30:33 INFO 12 of 12 calendar months used the distribution-free transform (record too short for a stable parametric fit)
13:30:33 INFO 12 of 12 calendar months used the distribution-free transform (record too short for a stable parametric fit)
13:30:33 INFO 12 of 12 calendar months used the distribution-free transform (record too short for a stable parametric fit)
13:30:33 INFO 12 of 12 calendar months used the distribution-free transform (record too short for a stable parametric fit)
13:30:33 INFO 12 of 12 calendar months used the distribution-free transform (record too short for a stable parametric fit)
13:30:34 INFO 12 of 12 calendar months used the distribution-free transform (record too short for a stable parametric fit)
13:30:34 INFO 12 of 12 calendar months used the distribution-free transform (record too short for a stable parametric fit)
13:30:34 INFO 12 of 12 calendar months used the distribution-free transform (record too short for a stable parametric fit)
13:30:34 INFO 12 of 12 calendar months used the distribution-free transform (record too short for a stable parametric fit)
13:30:34 INFO 12 of 12 calendar months used the distribution-free transform (record too short for a stable parametric fit)
13:30:34 INFO 12 of 12 calendar months used the distribution-free transform (record too short for a stable parametric fit)
13:30:34 INFO 12 of 12 calendar months used the distribution-free transform (record too short for a stable parametric fit)
13:30:35 INFO 12 of 12 calendar months used the distribution-free transform (record too short for a stable parametric fit)
13:30:35 INFO 12 of 12 calendar months used the distribution-free transform (record too short for a stable parametric fit)
13:30:35 INFO Assembled 657480 rows across 60 locations (29 features)
13:30:35 INFO ======================================================================
13:30:35 INFO TARGET: flood
13:30:35 INFO y_flood: dropped 18752 rows with incomplete features
13:30:36 INFO flood | train=458979 (2.61% pos)  val=84394 (3.58% pos)  test=84220 (3.81% pos)
13:30:36 INFO   persistence            val PR-AUC=0.0895  ROC-AUC=0.6111  recall=1.000
13:30:36 INFO   base_rate              val PR-AUC=0.0358  ROC-AUC=0.5000  recall=1.000
13:30:44 INFO   logistic_regression    val PR-AUC=0.1292  ROC-AUC=0.8561  recall=0.503
13:32:55 INFO   random_forest          val PR-AUC=0.2288  ROC-AUC=0.8872  recall=0.505
