14:52:06 INFO Loaded 657480 rows from 60 locations
14:52:06 INFO Koppen coverage: {'BWh': 13, 'Aw': 6, 'Cfb': 5, 'Dfc': 5, 'ET': 5, 'Af': 4, 'Cfc': 3, 'BSh': 3, 'BSk': 3, 'Dwc': 3, 'Cfa': 2, 'Am': 2, 'Dfb': 2, 'Dsb': 1, 'Dsa': 1, 'BWk': 1, 'Dfa': 1}
14:52:06 INFO 12 of 12 calendar months used the distribution-free transform (record too short for a stable parametric fit)
14:52:07 INFO 12 of 12 calendar months used the distribution-free transform (record too short for a stable parametric fit)
14:52:07 INFO 12 of 12 calendar months used the distribution-free transform (record too short for a stable parametric fit)
14:52:07 INFO 12 of 12 calendar months used the distribution-free transform (record too short for a stable parametric fit)
14:52:07 INFO 12 of 12 calendar months used the distribution-free transform (record too short for a stable parametric fit)
14:52:07 INFO 12 of 12 calendar months used the distribution-free transform (record too short for a stable parametric fit)
14:52:08 INFO 12 of 12 calendar months used the distribution-free transform (record too short for a stable parametric fit)
14:52:08 INFO 12 of 12 calendar months used the distribution-free transform (record too short for a stable parametric fit)
14:52:08 INFO 12 of 12 calendar months used the distribution-free transform (record too short for a stable parametric fit)
14:52:08 INFO 12 of 12 calendar months used the distribution-free transform (record too short for a stable parametric fit)
14:52:08 INFO 12 of 12 calendar months used the distribution-free transform (record too short for a stable parametric fit)
14:52:08 INFO 12 of 12 calendar months used the distribution-free transform (record too short for a stable parametric fit)
14:52:09 INFO 12 of 12 calendar months used the distribution-free transform (record too short for a stable parametric fit)
14:52:09 INFO 12 of 12 calendar months used the distribution-free transform (record too short for a stable parametric fit)
14:52:09 INFO 12 of 12 calendar months used the distribution-free transform (record too short for a stable parametric fit)
14:52:09 INFO 12 of 12 calendar months used the distribution-free transform (record too short for a stable parametric fit)
14:52:09 INFO 12 of 12 calendar months used the distribution-free transform (record too short for a stable parametric fit)
14:52:09 INFO 12 of 12 calendar months used the distribution-free transform (record too short for a stable parametric fit)
14:52:09 INFO 12 of 12 calendar months used the distribution-free transform (record too short for a stable parametric fit)
14:52:10 INFO 12 of 12 calendar months used the distribution-free transform (record too short for a stable parametric fit)
14:52:10 INFO 12 of 12 calendar months used the distribution-free transform (record too short for a stable parametric fit)
14:52:10 INFO 12 of 12 calendar months used the distribution-free transform (record too short for a stable parametric fit)
14:52:10 INFO 12 of 12 calendar months used the distribution-free transform (record too short for a stable parametric fit)
14:52:10 INFO 12 of 12 calendar months used the distribution-free transform (record too short for a stable parametric fit)
14:52:10 INFO 12 of 12 calendar months used the distribution-free transform (record too short for a stable parametric fit)
14:52:10 INFO 12 of 12 calendar months used the distribution-free transform (record too short for a stable parametric fit)
14:52:11 INFO 12 of 12 calendar months used the distribution-free transform (record too short for a stable parametric fit)
14:52:11 INFO 12 of 12 calendar months used the distribution-free transform (record too short for a stable parametric fit)
14:52:11 INFO 12 of 12 calendar months used the distribution-free transform (record too short for a stable parametric fit)
14:52:11 WARNING L0029: only 7 wet days in the fitting period - flood label undefined
14:52:11 INFO 12 of 12 calendar months used the distribution-free transform (record too short for a stable parametric fit)
14:52:11 INFO 12 of 12 calendar months used the distribution-free transform (record too short for a stable parametric fit)
14:52:11 INFO 12 of 12 calendar months used the distribution-free transform (record too short for a stable parametric fit)
14:52:11 INFO 12 of 12 calendar months used the distribution-free transform (record too short for a stable parametric fit)
14:52:12 INFO 12 of 12 calendar months used the distribution-free transform (record too short for a stable parametric fit)
14:52:12 INFO 12 of 12 calendar months used the distribution-free transform (record too short for a stable parametric fit)
14:52:12 INFO 12 of 12 calendar months used the distribution-free transform (record too short for a stable parametric fit)
14:52:12 INFO 12 of 12 calendar months used the distribution-free transform (record too short for a stable parametric fit)
14:52:12 INFO 12 of 12 calendar months used the distribution-free transform (record too short for a stable parametric fit)
14:52:12 INFO 12 of 12 calendar months used the distribution-free transform (record too short for a stable parametric fit)
14:52:13 INFO 12 of 12 calendar months used the distribution-free transform (record too short for a stable parametric fit)
14:52:13 INFO 12 of 12 calendar months used the distribution-free transform (record too short for a stable parametric fit)
14:52:13 INFO 12 of 12 calendar months used the distribution-free transform (record too short for a stable parametric fit)
14:52:13 INFO 12 of 12 calendar months used the distribution-free transform (record too short for a stable parametric fit)
14:52:13 INFO 12 of 12 calendar months used the distribution-free transform (record too short for a stable parametric fit)
14:52:13 INFO 12 of 12 calendar months used the distribution-free transform (record too short for a stable parametric fit)
14:52:14 INFO 12 of 12 calendar months used the distribution-free transform (record too short for a stable parametric fit)
14:52:14 INFO 12 of 12 calendar months used the distribution-free transform (record too short for a stable parametric fit)
14:52:14 INFO 12 of 12 calendar months used the distribution-free transform (record too short for a stable parametric fit)
14:52:14 INFO 12 of 12 calendar months used the distribution-free transform (record too short for a stable parametric fit)
14:52:14 INFO 12 of 12 calendar months used the distribution-free transform (record too short for a stable parametric fit)
14:52:14 INFO 12 of 12 calendar months used the distribution-free transform (record too short for a stable parametric fit)
14:52:14 INFO 12 of 12 calendar months used the distribution-free transform (record too short for a stable parametric fit)
14:52:15 INFO 12 of 12 calendar months used the distribution-free transform (record too short for a stable parametric fit)
14:52:15 INFO 12 of 12 calendar months used the distribution-free transform (record too short for a stable parametric fit)
14:52:15 INFO 12 of 12 calendar months used the distribution-free transform (record too short for a stable parametric fit)
14:52:15 INFO 12 of 12 calendar months used the distribution-free transform (record too short for a stable parametric fit)
14:52:15 INFO 12 of 12 calendar months used the distribution-free transform (record too short for a stable parametric fit)
14:52:15 INFO 12 of 12 calendar months used the distribution-free transform (record too short for a stable parametric fit)
14:52:15 INFO 12 of 12 calendar months used the distribution-free transform (record too short for a stable parametric fit)
14:52:16 INFO 12 of 12 calendar months used the distribution-free transform (record too short for a stable parametric fit)
14:52:16 INFO Assembled 657480 rows across 60 locations (29 features)
14:52:16 INFO ======================================================================
14:52:16 INFO TARGET: flood
14:52:16 INFO y_flood: dropped 18752 rows with incomplete features
14:52:16 INFO flood | train=458979 (2.61% pos)  val=84394 (3.58% pos)  test=84220 (3.81% pos)
14:52:17 INFO   persistence            val PR-AUC=0.0895  ROC-AUC=0.6111  recall=1.000
14:52:17 INFO   base_rate              val PR-AUC=0.0358  ROC-AUC=0.5000  recall=1.000
14:52:26 INFO   logistic_regression    val PR-AUC=0.1292  ROC-AUC=0.8561  recall=0.503
14:53:24 INFO   random_forest          val PR-AUC=0.2453  ROC-AUC=0.8899  recall=0.503
14:53:45 INFO   gradient_boosting      val PR-AUC=0.1911  ROC-AUC=0.8623  recall=0.503
14:53:45 INFO flood: selected random_forest (val PR-AUC 0.2453)
14:54:48 INFO flood: TEST PR-AUC=0.2441  recall=0.546  precision=0.233
14:54:49 INFO y_flood: dropped 18752 rows with incomplete features
14:55:08 INFO   spatial fold 1: PR-AUC=0.1340 on 10 held-out locations
14:55:26 INFO   spatial fold 2: PR-AUC=0.1894 on 10 held-out locations
14:55:43 INFO   spatial fold 3: PR-AUC=0.1390 on 10 held-out locations
14:56:01 INFO   spatial fold 4: PR-AUC=0.0947 on 10 held-out locations
14:56:20 INFO   spatial fold 5: PR-AUC=0.1539 on 9 held-out locations
14:56:38 INFO   spatial fold 6: PR-AUC=0.1353 on 9 held-out locations
14:56:38 INFO Saved C:\Users\ramzy\OneDrive\Desktop\Folders\Final Year Project\Climate impact visualizer\ml\models\flood_model.joblib
14:56:38 INFO ======================================================================
14:56:38 INFO TARGET: drought
14:56:38 INFO y_drought: dropped 20722 rows with incomplete features
14:56:38 INFO drought | train=464241 (13.81% pos)  val=85367 (23.51% pos)  test=83610 (21.27% pos)
14:56:38 INFO   persistence            val PR-AUC=0.4557  ROC-AUC=0.7557  recall=0.718
14:56:38 INFO   base_rate              val PR-AUC=0.2351  ROC-AUC=0.5000  recall=0.000
14:56:46 INFO   logistic_regression    val PR-AUC=0.6081  ROC-AUC=0.8394  recall=0.701
14:57:41 INFO   random_forest          val PR-AUC=0.6238  ROC-AUC=0.8547  recall=0.701
14:58:01 INFO   gradient_boosting      val PR-AUC=0.6077  ROC-AUC=0.8469  recall=0.702
14:58:01 INFO drought: selected random_forest (val PR-AUC 0.6238)
14:59:03 INFO drought: TEST PR-AUC=0.6303  recall=0.731  precision=0.507
14:59:03 INFO y_drought: dropped 20722 rows with incomplete features
14:59:24 INFO   spatial fold 1: PR-AUC=0.4928 on 10 held-out locations
14:59:43 INFO   spatial fold 2: PR-AUC=0.4970 on 10 held-out locations
15:00:03 INFO   spatial fold 3: PR-AUC=0.5090 on 10 held-out locations
